{
    "homo_sapiens - bam - m6a": {
        "content": [
            {
                "0": [
                    [
                        {
                            "id": "test"
                        },
                        "test.bed.gz:md5,d41d8cd98f00b204e9800998ecf8427e"
                    ]
                ],
                "1": [
                    "versions.yml:md5,e2865e0e42a3ebcb9bd921dbb6ed08b3"
                ],
                "bed": [
                    [
                        {
                            "id": "test"
                        },
                        "test.bed.gz:md5,d41d8cd98f00b204e9800998ecf8427e"
                    ]
                ],
                "versions": [
                    "versions.yml:md5,e2865e0e42a3ebcb9bd921dbb6ed08b3"
                ]
            }
        ],
        "meta": {
            "nf-test": "0.9.2",
            "nextflow": "25.04.7"
        },
        "timestamp": "2025-09-22T20:21:39.463175727"
    },
    "homo_sapiens - bam": {
        "content": [
            {
                "0": [
                    [
                        {
                            "id": "test"
                        },
                        "test.bed.gz:md5,3bdde73d10c5369f509cfac1e59b5f68"
                    ]
                ],
                "1": [
                    "versions.yml:md5,e2865e0e42a3ebcb9bd921dbb6ed08b3"
                ],
                "bed": [
                    [
                        {
                            "id": "test"
                        },
                        "test.bed.gz:md5,3bdde73d10c5369f509cfac1e59b5f68"
                    ]
                ],
                "versions": [
                    "versions.yml:md5,e2865e0e42a3ebcb9bd921dbb6ed08b3"
                ]
            }
        ],
        "meta": {
            "nf-test": "0.9.2",
            "nextflow": "25.04.7"
        },
        "timestamp": "2025-09-22T20:21:27.057663017"
    },
    "homo_sapiens - bam - stub": {
        "content": [
            {
                "0": [
                    [
                        {
                            "id": "test"
                        },
                        "test.bed.gz:md5,68b329da9893e34099c7d8ad5cb9c940"
                    ]
                ],
                "1": [
                    "versions.yml:md5,e2865e0e42a3ebcb9bd921dbb6ed08b3"
                ],
                "bed": [
                    [
                        {
                            "id": "test"
                        },
                        "test.bed.gz:md5,68b329da9893e34099c7d8ad5cb9c940"
                    ]
                ],
                "versions": [
                    "versions.yml:md5,e2865e0e42a3ebcb9bd921dbb6ed08b3"
                ]
            }
        ],
        "meta": {
            "nf-test": "0.9.2",
            "nextflow": "25.04.7"
        },
        "timestamp": "2025-09-22T20:22:09.352468888"
    }
}