{
    "homo_sapiens - bam": {
        "content": [
            {
                "0": [
                    [
                        {
                            "id": "test"
                        },
                        "test.bam:md5,63441ca0b6c327053943a10d34799985"
                    ]
                ],
                "1": [
                    "versions.yml:md5,01b00f0bfee9d6cfa44c52b39a52d135"
                ],
                "bam": [
                    [
                        {
                            "id": "test"
                        },
                        "test.bam:md5,63441ca0b6c327053943a10d34799985"
                    ]
                ],
                "versions": [
                    "versions.yml:md5,01b00f0bfee9d6cfa44c52b39a52d135"
                ]
            }
        ],
        "meta": {
            "nf-test": "0.9.2",
            "nextflow": "25.04.7"
        },
        "timestamp": "2025-09-18T20:38:46.101239697"
    },
    "homo_sapiens - bam - stub": {
        "content": [
            {
                "0": [
                    [
                        {
                            "id": "test"
                        },
                        "test.bam:md5,d41d8cd98f00b204e9800998ecf8427e"
                    ]
                ],
                "1": [
                    "versions.yml:md5,01b00f0bfee9d6cfa44c52b39a52d135"
                ],
                "bam": [
                    [
                        {
                            "id": "test"
                        },
                        "test.bam:md5,d41d8cd98f00b204e9800998ecf8427e"
                    ]
                ],
                "versions": [
                    "versions.yml:md5,01b00f0bfee9d6cfa44c52b39a52d135"
                ]
            }
        ],
        "meta": {
            "nf-test": "0.9.2",
            "nextflow": "25.04.7"
        },
        "timestamp": "2025-09-18T20:38:57.114949928"
    }
}