{
    "homo_sapiens - bam": {
        "content": [
            {
                "0": [
                    [
                        {
                            "id": "test"
                        },
                        "test.bam:md5,5e24be1f610bf9ae12603dae22420713"
                    ]
                ],
                "1": [
                    "versions.yml:md5,907c0f947c416bce1fd45b683abf7e71"
                ],
                "bam": [
                    [
                        {
                            "id": "test"
                        },
                        "test.bam:md5,5e24be1f610bf9ae12603dae22420713"
                    ]
                ],
                "versions": [
                    "versions.yml:md5,907c0f947c416bce1fd45b683abf7e71"
                ]
            }
        ],
        "meta": {
            "nf-test": "0.9.2",
            "nextflow": "25.04.7"
        },
        "timestamp": "2025-09-19T11:31:31.44450153"
    },
    "homo_sapiens - bam - stub": {
        "content": [
            {
                "0": [
                    [
                        {
                            "id": "test"
                        },
                        "test.bam:md5,d41d8cd98f00b204e9800998ecf8427e"
                    ]
                ],
                "1": [
                    "versions.yml:md5,907c0f947c416bce1fd45b683abf7e71"
                ],
                "bam": [
                    [
                        {
                            "id": "test"
                        },
                        "test.bam:md5,d41d8cd98f00b204e9800998ecf8427e"
                    ]
                ],
                "versions": [
                    "versions.yml:md5,907c0f947c416bce1fd45b683abf7e71"
                ]
            }
        ],
        "meta": {
            "nf-test": "0.9.2",
            "nextflow": "25.04.7"
        },
        "timestamp": "2025-09-19T11:31:40.719678386"
    }
}