{
    "homo_sapiens - bam": {
        "content": [
            {
                "0": [
                    [
                        {
                            "id": "test"
                        },
                        "test_modbam.bam:md5,e573df6f1c79abc23ba544751dff4c36"
                    ]
                ],
                "1": [
                    "versions.yml:md5,26bbbb46e51480062ee3a30f34f6a7b4"
                ],
                "bam": [
                    [
                        {
                            "id": "test"
                        },
                        "test_modbam.bam:md5,e573df6f1c79abc23ba544751dff4c36"
                    ]
                ],
                "versions": [
                    "versions.yml:md5,26bbbb46e51480062ee3a30f34f6a7b4"
                ]
            }
        ],
        "meta": {
            "nf-test": "0.9.2",
            "nextflow": "25.04.7"
        },
        "timestamp": "2025-10-09T17:08:14.034873743"
    },
    "homo_sapiens - bam - stub": {
        "content": [
            {
                "0": [
                    [
                        {
                            "id": "test"
                        },
                        "test_modbam.bam:md5,d41d8cd98f00b204e9800998ecf8427e"
                    ]
                ],
                "1": [
                    "versions.yml:md5,26bbbb46e51480062ee3a30f34f6a7b4"
                ],
                "bam": [
                    [
                        {
                            "id": "test"
                        },
                        "test_modbam.bam:md5,d41d8cd98f00b204e9800998ecf8427e"
                    ]
                ],
                "versions": [
                    "versions.yml:md5,26bbbb46e51480062ee3a30f34f6a7b4"
                ]
            }
        ],
        "meta": {
            "nf-test": "0.9.2",
            "nextflow": "25.04.7"
        },
        "timestamp": "2025-10-09T17:15:26.34922888"
    }
}